downloading shards...
Fetching 2 files:   0%|          | 0/2 [00:00<?, ?it/s]Fetching 2 files:  50%|█████     | 1/2 [20:54<20:54, 1254.23s/it]Fetching 2 files: 100%|██████████| 2/2 [21:09<00:00, 525.50s/it] Fetching 2 files: 100%|██████████| 2/2 [21:09<00:00, 634.81s/it]
tokenizing shard 0 (val head + train part)...
  2000 docs | 0M train tokens
  4000 docs | 2M train tokens
  6000 docs | 4M train tokens
  8000 docs | 6M train tokens
  10000 docs | 8M train tokens
  12000 docs | 10M train tokens
  14000 docs | 12M train tokens
  16000 docs | 14M train tokens
  18000 docs | 16M train tokens
  20000 docs | 19M train tokens
  22000 docs | 21M train tokens
  24000 docs | 24M train tokens
  26000 docs | 26M train tokens
  28000 docs | 28M train tokens
  30000 docs | 30M train tokens
  32000 docs | 32M train tokens
  34000 docs | 34M train tokens
  36000 docs | 36M train tokens
  38000 docs | 38M train tokens
  40000 docs | 40M train tokens
  42000 docs | 42M train tokens
  44000 docs | 44M train tokens
  46000 docs | 46M train tokens
  48000 docs | 48M train tokens
  50000 docs | 51M train tokens
  52000 docs | 53M train tokens
  54000 docs | 55M train tokens
  56000 docs | 57M train tokens
  58000 docs | 59M train tokens
  60000 docs | 61M train tokens
  62000 docs | 63M train tokens
  64000 docs | 65M train tokens
  66000 docs | 67M train tokens
  68000 docs | 69M train tokens
  70000 docs | 72M train tokens
  72000 docs | 74M train tokens
  74000 docs | 76M train tokens
  76000 docs | 78M train tokens
  78000 docs | 80M train tokens
  80000 docs | 82M train tokens
  82000 docs | 84M train tokens
  84000 docs | 86M train tokens
  86000 docs | 88M train tokens
  88000 docs | 90M train tokens
  90000 docs | 92M train tokens
  92000 docs | 94M train tokens
  94000 docs | 96M train tokens
  96000 docs | 98M train tokens
  98000 docs | 100M train tokens
  100000 docs | 102M train tokens
  102000 docs | 104M train tokens
  104000 docs | 106M train tokens
  106000 docs | 108M train tokens
  108000 docs | 110M train tokens
  110000 docs | 112M train tokens
  112000 docs | 114M train tokens
  114000 docs | 116M train tokens
  116000 docs | 119M train tokens
  118000 docs | 121M train tokens
  120000 docs | 123M train tokens
  122000 docs | 125M train tokens
  124000 docs | 127M train tokens
  126000 docs | 129M train tokens
  128000 docs | 131M train tokens
  130000 docs | 133M train tokens
  132000 docs | 135M train tokens
  134000 docs | 137M train tokens
  136000 docs | 139M train tokens
  138000 docs | 141M train tokens
  140000 docs | 143M train tokens
  142000 docs | 145M train tokens
  144000 docs | 147M train tokens
  146000 docs | 150M train tokens
  148000 docs | 152M train tokens
  150000 docs | 154M train tokens
  152000 docs | 156M train tokens
  154000 docs | 158M train tokens
  156000 docs | 160M train tokens
  158000 docs | 162M train tokens
  160000 docs | 164M train tokens
  162000 docs | 166M train tokens
  164000 docs | 168M train tokens
  166000 docs | 170M train tokens
  168000 docs | 172M train tokens
  170000 docs | 174M train tokens
  172000 docs | 176M train tokens
  174000 docs | 178M train tokens
  176000 docs | 180M train tokens
  178000 docs | 182M train tokens
  180000 docs | 184M train tokens
  182000 docs | 186M train tokens
  184000 docs | 188M train tokens
  186000 docs | 190M train tokens
  188000 docs | 192M train tokens
  190000 docs | 194M train tokens
  192000 docs | 196M train tokens
  194000 docs | 198M train tokens
  196000 docs | 200M train tokens
  198000 docs | 202M train tokens
  200000 docs | 204M train tokens
  202000 docs | 206M train tokens
  204000 docs | 208M train tokens
  206000 docs | 210M train tokens
  208000 docs | 212M train tokens
  210000 docs | 214M train tokens
  212000 docs | 217M train tokens
  214000 docs | 219M train tokens
  216000 docs | 221M train tokens
  218000 docs | 223M train tokens
  220000 docs | 225M train tokens
  222000 docs | 227M train tokens
  224000 docs | 229M train tokens
  226000 docs | 231M train tokens
  228000 docs | 233M train tokens
  230000 docs | 235M train tokens
  232000 docs | 237M train tokens
  234000 docs | 239M train tokens
  236000 docs | 241M train tokens
  238000 docs | 243M train tokens
  240000 docs | 245M train tokens
  242000 docs | 247M train tokens
  244000 docs | 249M train tokens
  246000 docs | 251M train tokens
  248000 docs | 253M train tokens
  250000 docs | 255M train tokens
  252000 docs | 257M train tokens
  254000 docs | 259M train tokens
  256000 docs | 261M train tokens
  258000 docs | 263M train tokens
  260000 docs | 266M train tokens
  262000 docs | 268M train tokens
  264000 docs | 270M train tokens
  266000 docs | 272M train tokens
  268000 docs | 274M train tokens
  270000 docs | 276M train tokens
  272000 docs | 278M train tokens
  274000 docs | 280M train tokens
  276000 docs | 282M train tokens
  278000 docs | 284M train tokens
  280000 docs | 286M train tokens
  282000 docs | 288M train tokens
  284000 docs | 290M train tokens
  286000 docs | 292M train tokens
  288000 docs | 294M train tokens
  290000 docs | 297M train tokens
  292000 docs | 298M train tokens
  294000 docs | 300M train tokens
  296000 docs | 302M train tokens
  298000 docs | 304M train tokens
  300000 docs | 306M train tokens
  302000 docs | 308M train tokens
  304000 docs | 310M train tokens
  306000 docs | 312M train tokens
  308000 docs | 314M train tokens
  310000 docs | 316M train tokens
  312000 docs | 318M train tokens
  314000 docs | 320M train tokens
  316000 docs | 322M train tokens
  318000 docs | 325M train tokens
  320000 docs | 327M train tokens
  322000 docs | 329M train tokens
  324000 docs | 331M train tokens
  326000 docs | 333M train tokens
  328000 docs | 335M train tokens
  330000 docs | 337M train tokens
  332000 docs | 339M train tokens
  334000 docs | 341M train tokens
  336000 docs | 344M train tokens
  338000 docs | 346M train tokens
  340000 docs | 348M train tokens
  342000 docs | 350M train tokens
  344000 docs | 352M train tokens
  346000 docs | 354M train tokens
  348000 docs | 356M train tokens
  350000 docs | 358M train tokens
  352000 docs | 360M train tokens
  354000 docs | 362M train tokens
  356000 docs | 364M train tokens
  358000 docs | 367M train tokens
  360000 docs | 369M train tokens
  362000 docs | 371M train tokens
  364000 docs | 373M train tokens
  366000 docs | 375M train tokens
  368000 docs | 377M train tokens
  370000 docs | 379M train tokens
  372000 docs | 381M train tokens
  374000 docs | 383M train tokens
  376000 docs | 386M train tokens
  378000 docs | 388M train tokens
  380000 docs | 390M train tokens
  382000 docs | 392M train tokens
  384000 docs | 394M train tokens
  386000 docs | 396M train tokens
  388000 docs | 398M train tokens
  390000 docs | 400M train tokens
  392000 docs | 402M train tokens
  394000 docs | 404M train tokens
  396000 docs | 406M train tokens
  398000 docs | 409M train tokens
  400000 docs | 411M train tokens
  402000 docs | 413M train tokens
  404000 docs | 415M train tokens
  406000 docs | 417M train tokens
  408000 docs | 419M train tokens
  410000 docs | 421M train tokens
  412000 docs | 423M train tokens
  414000 docs | 425M train tokens
  416000 docs | 427M train tokens
  418000 docs | 430M train tokens
  420000 docs | 432M train tokens
  422000 docs | 434M train tokens
  424000 docs | 436M train tokens
  426000 docs | 438M train tokens
  428000 docs | 440M train tokens
  430000 docs | 442M train tokens
  432000 docs | 445M train tokens
  434000 docs | 447M train tokens
  436000 docs | 449M train tokens
  438000 docs | 451M train tokens
  440000 docs | 453M train tokens
  442000 docs | 455M train tokens
  444000 docs | 457M train tokens
  446000 docs | 459M train tokens
  448000 docs | 461M train tokens
  450000 docs | 463M train tokens
  452000 docs | 466M train tokens
  454000 docs | 468M train tokens
  456000 docs | 470M train tokens
  458000 docs | 472M train tokens
  460000 docs | 474M train tokens
  462000 docs | 476M train tokens
  464000 docs | 478M train tokens
  466000 docs | 480M train tokens
  468000 docs | 482M train tokens
  470000 docs | 485M train tokens
  472000 docs | 487M train tokens
  474000 docs | 489M train tokens
  476000 docs | 491M train tokens
  478000 docs | 493M train tokens
  480000 docs | 495M train tokens
  482000 docs | 497M train tokens
  484000 docs | 499M train tokens
  486000 docs | 501M train tokens
  488000 docs | 503M train tokens
  490000 docs | 505M train tokens
  492000 docs | 507M train tokens
  494000 docs | 510M train tokens
  496000 docs | 512M train tokens
  498000 docs | 514M train tokens
  500000 docs | 516M train tokens
  502000 docs | 518M train tokens
  504000 docs | 520M train tokens
  506000 docs | 522M train tokens
  508000 docs | 524M train tokens
  510000 docs | 526M train tokens
  512000 docs | 528M train tokens
  514000 docs | 530M train tokens
  516000 docs | 532M train tokens
  518000 docs | 534M train tokens
  520000 docs | 536M train tokens
  522000 docs | 538M train tokens
  524000 docs | 540M train tokens
  526000 docs | 542M train tokens
  528000 docs | 544M train tokens
  530000 docs | 546M train tokens
  532000 docs | 549M train tokens
  534000 docs | 551M train tokens
  536000 docs | 553M train tokens
  538000 docs | 555M train tokens
  540000 docs | 557M train tokens
  542000 docs | 559M train tokens
  544000 docs | 562M train tokens
  546000 docs | 564M train tokens
  548000 docs | 566M train tokens
  550000 docs | 568M train tokens
  552000 docs | 570M train tokens
  554000 docs | 571M train tokens
  556000 docs | 573M train tokens
  558000 docs | 575M train tokens
  560000 docs | 577M train tokens
  562000 docs | 580M train tokens
  564000 docs | 582M train tokens
  566000 docs | 584M train tokens
  568000 docs | 586M train tokens
  570000 docs | 588M train tokens
  572000 docs | 590M train tokens
  574000 docs | 592M train tokens
  576000 docs | 594M train tokens
  578000 docs | 596M train tokens
  580000 docs | 598M train tokens
  582000 docs | 600M train tokens
  584000 docs | 603M train tokens
  586000 docs | 605M train tokens
  588000 docs | 607M train tokens
  590000 docs | 609M train tokens
  592000 docs | 611M train tokens
  594000 docs | 613M train tokens
  596000 docs | 615M train tokens
  598000 docs | 617M train tokens
  600000 docs | 619M train tokens
  602000 docs | 621M train tokens
  604000 docs | 623M train tokens
  606000 docs | 625M train tokens
  608000 docs | 627M train tokens
  610000 docs | 630M train tokens
  612000 docs | 632M train tokens
  614000 docs | 634M train tokens
  616000 docs | 636M train tokens
  618000 docs | 638M train tokens
  620000 docs | 640M train tokens
  622000 docs | 642M train tokens
  624000 docs | 644M train tokens
  626000 docs | 646M train tokens
  628000 docs | 648M train tokens
  630000 docs | 650M train tokens
  632000 docs | 652M train tokens
  634000 docs | 654M train tokens
  636000 docs | 657M train tokens
  638000 docs | 659M train tokens
  640000 docs | 661M train tokens
  642000 docs | 663M train tokens
  644000 docs | 665M train tokens
  646000 docs | 667M train tokens
  648000 docs | 669M train tokens
  650000 docs | 671M train tokens
  652000 docs | 673M train tokens
  654000 docs | 675M train tokens
  656000 docs | 677M train tokens
  658000 docs | 680M train tokens
  660000 docs | 682M train tokens
  662000 docs | 684M train tokens
  664000 docs | 686M train tokens
  666000 docs | 688M train tokens
  668000 docs | 690M train tokens
  670000 docs | 692M train tokens
  672000 docs | 694M train tokens
  674000 docs | 696M train tokens
  676000 docs | 698M train tokens
  678000 docs | 700M train tokens
  680000 docs | 703M train tokens
  682000 docs | 705M train tokens
  684000 docs | 707M train tokens
  686000 docs | 709M train tokens
  688000 docs | 711M train tokens
  690000 docs | 713M train tokens
  692000 docs | 715M train tokens
  694000 docs | 717M train tokens
  696000 docs | 719M train tokens
  698000 docs | 721M train tokens
  700000 docs | 723M train tokens
  702000 docs | 725M train tokens
  704000 docs | 727M train tokens
  706000 docs | 730M train tokens
  708000 docs | 732M train tokens
  710000 docs | 734M train tokens
  712000 docs | 736M train tokens
  714000 docs | 738M train tokens
  716000 docs | 740M train tokens
  718000 docs | 742M train tokens
  720000 docs | 744M train tokens
  722000 docs | 746M train tokens
  724000 docs | 748M train tokens
  726000 docs | 750M train tokens
val: 2.2M tokens -> /home/openclaw/arch-scaling-lab/phase0-124m/data/val.bin
train0.bin: 749.9M tokens from 726000 docs
tokenizing shard 1...
  2000 docs | 2M train tokens
  4000 docs | 5M train tokens
  6000 docs | 7M train tokens
  8000 docs | 9M train tokens
  10000 docs | 11M train tokens
  12000 docs | 13M train tokens
  14000 docs | 15M train tokens
  16000 docs | 17M train tokens
  18000 docs | 19M train tokens
  20000 docs | 21M train tokens
  22000 docs | 23M train tokens
  24000 docs | 25M train tokens
  26000 docs | 27M train tokens
  28000 docs | 29M train tokens
  30000 docs | 31M train tokens
  32000 docs | 34M train tokens
  34000 docs | 36M train tokens
  36000 docs | 38M train tokens
  38000 docs | 39M train tokens
  40000 docs | 41M train tokens
  42000 docs | 43M train tokens
  44000 docs | 45M train tokens
  46000 docs | 47M train tokens
  48000 docs | 50M train tokens
  50000 docs | 52M train tokens
  52000 docs | 54M train tokens
  54000 docs | 56M train tokens
  56000 docs | 58M train tokens
  58000 docs | 60M train tokens
  60000 docs | 62M train tokens
  62000 docs | 64M train tokens
  64000 docs | 66M train tokens
  66000 docs | 68M train tokens
  68000 docs | 70M train tokens
  70000 docs | 72M train tokens
  72000 docs | 74M train tokens
  74000 docs | 76M train tokens
  76000 docs | 79M train tokens
  78000 docs | 81M train tokens
  80000 docs | 83M train tokens
  82000 docs | 85M train tokens
  84000 docs | 87M train tokens
  86000 docs | 89M train tokens
  88000 docs | 91M train tokens
  90000 docs | 92M train tokens
  92000 docs | 94M train tokens
  94000 docs | 96M train tokens
  96000 docs | 99M train tokens
  98000 docs | 101M train tokens
  100000 docs | 103M train tokens
  102000 docs | 105M train tokens
  104000 docs | 107M train tokens
  106000 docs | 109M train tokens
  108000 docs | 111M train tokens
  110000 docs | 113M train tokens
  112000 docs | 115M train tokens
  114000 docs | 117M train tokens
  116000 docs | 119M train tokens
  118000 docs | 121M train tokens
  120000 docs | 123M train tokens
  122000 docs | 125M train tokens
  124000 docs | 127M train tokens
  126000 docs | 129M train tokens
  128000 docs | 132M train tokens
  130000 docs | 134M train tokens
  132000 docs | 135M train tokens
  134000 docs | 137M train tokens
  136000 docs | 139M train tokens
  138000 docs | 141M train tokens
  140000 docs | 143M train tokens
  142000 docs | 145M train tokens
  144000 docs | 147M train tokens
  146000 docs | 149M train tokens
  148000 docs | 152M train tokens
  150000 docs | 154M train tokens
  152000 docs | 156M train tokens
  154000 docs | 158M train tokens
  156000 docs | 160M train tokens
  158000 docs | 162M train tokens
  160000 docs | 163M train tokens
  162000 docs | 165M train tokens
  164000 docs | 167M train tokens
  166000 docs | 169M train tokens
  168000 docs | 171M train tokens
  170000 docs | 174M train tokens
  172000 docs | 176M train tokens
  174000 docs | 178M train tokens
  176000 docs | 180M train tokens
  178000 docs | 182M train tokens
  180000 docs | 184M train tokens
  182000 docs | 186M train tokens
  184000 docs | 188M train tokens
  186000 docs | 190M train tokens
  188000 docs | 192M train tokens
  190000 docs | 194M train tokens
  192000 docs | 196M train tokens
  194000 docs | 198M train tokens
  196000 docs | 200M train tokens
  198000 docs | 202M train tokens
  200000 docs | 205M train tokens
  202000 docs | 207M train tokens
  204000 docs | 209M train tokens
  206000 docs | 211M train tokens
  208000 docs | 212M train tokens
  210000 docs | 214M train tokens
  212000 docs | 216M train tokens
  214000 docs | 218M train tokens
  216000 docs | 220M train tokens
  218000 docs | 223M train tokens
  220000 docs | 225M train tokens
  222000 docs | 227M train tokens
  224000 docs | 229M train tokens
  226000 docs | 231M train tokens
  228000 docs | 233M train tokens
  230000 docs | 235M train tokens
  232000 docs | 237M train tokens
  234000 docs | 239M train tokens
  236000 docs | 241M train tokens
  238000 docs | 243M train tokens
  240000 docs | 245M train tokens
  242000 docs | 247M train tokens
  244000 docs | 250M train tokens
  246000 docs | 252M train tokens
  248000 docs | 254M train tokens
  250000 docs | 256M train tokens
  252000 docs | 258M train tokens
  254000 docs | 259M train tokens
  256000 docs | 261M train tokens
  258000 docs | 263M train tokens
  260000 docs | 265M train tokens
  262000 docs | 267M train tokens
  264000 docs | 269M train tokens
  266000 docs | 271M train tokens
  268000 docs | 273M train tokens
  270000 docs | 276M train tokens
  272000 docs | 278M train tokens
  274000 docs | 280M train tokens
  276000 docs | 282M train tokens
  278000 docs | 284M train tokens
  280000 docs | 285M train tokens
  282000 docs | 287M train tokens
  284000 docs | 289M train tokens
  286000 docs | 291M train tokens
  288000 docs | 293M train tokens
  290000 docs | 295M train tokens
  292000 docs | 298M train tokens
  294000 docs | 300M train tokens
  296000 docs | 302M train tokens
  298000 docs | 304M train tokens
  300000 docs | 306M train tokens
  302000 docs | 308M train tokens
  304000 docs | 310M train tokens
  306000 docs | 312M train tokens
  308000 docs | 314M train tokens
  310000 docs | 316M train tokens
  312000 docs | 318M train tokens
  314000 docs | 320M train tokens
  316000 docs | 322M train tokens
  318000 docs | 324M train tokens
  320000 docs | 326M train tokens
  322000 docs | 329M train tokens
  324000 docs | 330M train tokens
  326000 docs | 332M train tokens
  328000 docs | 334M train tokens
  330000 docs | 336M train tokens
  332000 docs | 338M train tokens
  334000 docs | 340M train tokens
  336000 docs | 343M train tokens
  338000 docs | 345M train tokens
  340000 docs | 347M train tokens
  342000 docs | 349M train tokens
  344000 docs | 351M train tokens
  346000 docs | 354M train tokens
  348000 docs | 356M train tokens
  350000 docs | 358M train tokens
  352000 docs | 360M train tokens
  354000 docs | 362M train tokens
  356000 docs | 364M train tokens
  358000 docs | 366M train tokens
  360000 docs | 368M train tokens
  362000 docs | 370M train tokens
  364000 docs | 373M train tokens
  366000 docs | 375M train tokens
  368000 docs | 377M train tokens
  370000 docs | 379M train tokens
  372000 docs | 381M train tokens
  374000 docs | 383M train tokens
  376000 docs | 385M train tokens
  378000 docs | 387M train tokens
  380000 docs | 389M train tokens
  382000 docs | 391M train tokens
  384000 docs | 393M train tokens
  386000 docs | 395M train tokens
  388000 docs | 397M train tokens
  390000 docs | 399M train tokens
  392000 docs | 402M train tokens
  394000 docs | 404M train tokens
  396000 docs | 406M train tokens
  398000 docs | 408M train tokens
  400000 docs | 410M train tokens
  402000 docs | 412M train tokens
  404000 docs | 414M train tokens
  406000 docs | 416M train tokens
  408000 docs | 418M train tokens
  410000 docs | 420M train tokens
  412000 docs | 422M train tokens
  414000 docs | 424M train tokens
  416000 docs | 427M train tokens
  418000 docs | 428M train tokens
  420000 docs | 430M train tokens
  422000 docs | 432M train tokens
  424000 docs | 435M train tokens
  426000 docs | 437M train tokens
  428000 docs | 439M train tokens
  430000 docs | 441M train tokens
  432000 docs | 443M train tokens
  434000 docs | 445M train tokens
  436000 docs | 448M train tokens
  438000 docs | 450M train tokens
  440000 docs | 452M train tokens
  442000 docs | 454M train tokens
  444000 docs | 456M train tokens
  446000 docs | 458M train tokens
  448000 docs | 460M train tokens
  450000 docs | 462M train tokens
  452000 docs | 464M train tokens
  454000 docs | 466M train tokens
  456000 docs | 468M train tokens
  458000 docs | 471M train tokens
  460000 docs | 473M train tokens
  462000 docs | 475M train tokens
  464000 docs | 477M train tokens
  466000 docs | 479M train tokens
  468000 docs | 481M train tokens
  470000 docs | 483M train tokens
  472000 docs | 485M train tokens
  474000 docs | 487M train tokens
  476000 docs | 489M train tokens
  478000 docs | 491M train tokens
  480000 docs | 493M train tokens
  482000 docs | 495M train tokens
  484000 docs | 497M train tokens
  486000 docs | 499M train tokens
  488000 docs | 502M train tokens
  490000 docs | 503M train tokens
  492000 docs | 505M train tokens
  494000 docs | 507M train tokens
  496000 docs | 510M train tokens
  498000 docs | 512M train tokens
  500000 docs | 514M train tokens
  502000 docs | 516M train tokens
  504000 docs | 518M train tokens
  506000 docs | 520M train tokens
  508000 docs | 523M train tokens
  510000 docs | 525M train tokens
  512000 docs | 527M train tokens
  514000 docs | 529M train tokens
  516000 docs | 531M train tokens
  518000 docs | 533M train tokens
  520000 docs | 535M train tokens
  522000 docs | 537M train tokens
  524000 docs | 539M train tokens
  526000 docs | 541M train tokens
  528000 docs | 543M train tokens
  530000 docs | 545M train tokens
  532000 docs | 548M train tokens
  534000 docs | 550M train tokens
  536000 docs | 551M train tokens
  538000 docs | 553M train tokens
  540000 docs | 555M train tokens
  542000 docs | 557M train tokens
  544000 docs | 559M train tokens
  546000 docs | 561M train tokens
  548000 docs | 564M train tokens
  550000 docs | 566M train tokens
  552000 docs | 568M train tokens
  554000 docs | 570M train tokens
  556000 docs | 572M train tokens
  558000 docs | 574M train tokens
  560000 docs | 576M train tokens
  562000 docs | 578M train tokens
  564000 docs | 580M train tokens
  566000 docs | 582M train tokens
  568000 docs | 584M train tokens
  570000 docs | 586M train tokens
  572000 docs | 588M train tokens
  574000 docs | 590M train tokens
  576000 docs | 592M train tokens
  578000 docs | 594M train tokens
  580000 docs | 596M train tokens
  582000 docs | 598M train tokens
  584000 docs | 600M train tokens
  586000 docs | 602M train tokens
  588000 docs | 604M train tokens
  590000 docs | 606M train tokens
  592000 docs | 608M train tokens
  594000 docs | 610M train tokens
  596000 docs | 612M train tokens
  598000 docs | 615M train tokens
  600000 docs | 617M train tokens
  602000 docs | 619M train tokens
  604000 docs | 621M train tokens
  606000 docs | 623M train tokens
  608000 docs | 625M train tokens
  610000 docs | 627M train tokens
  612000 docs | 629M train tokens
  614000 docs | 631M train tokens
  616000 docs | 633M train tokens
  618000 docs | 635M train tokens
  620000 docs | 638M train tokens
  622000 docs | 640M train tokens
  624000 docs | 642M train tokens
  626000 docs | 644M train tokens
  628000 docs | 646M train tokens
  630000 docs | 648M train tokens
  632000 docs | 650M train tokens
  634000 docs | 652M train tokens
  636000 docs | 654M train tokens
  638000 docs | 656M train tokens
  640000 docs | 658M train tokens
  642000 docs | 660M train tokens
  644000 docs | 663M train tokens
  646000 docs | 665M train tokens
  648000 docs | 667M train tokens
  650000 docs | 669M train tokens
  652000 docs | 671M train tokens
  654000 docs | 673M train tokens
  656000 docs | 675M train tokens
  658000 docs | 677M train tokens
  660000 docs | 679M train tokens
  662000 docs | 681M train tokens
  664000 docs | 683M train tokens
  666000 docs | 685M train tokens
  668000 docs | 687M train tokens
  670000 docs | 689M train tokens
  672000 docs | 691M train tokens
  674000 docs | 693M train tokens
  676000 docs | 696M train tokens
  678000 docs | 698M train tokens
  680000 docs | 699M train tokens
  682000 docs | 701M train tokens
  684000 docs | 703M train tokens
  686000 docs | 705M train tokens
  688000 docs | 707M train tokens
  690000 docs | 710M train tokens
  692000 docs | 712M train tokens
  694000 docs | 714M train tokens
  696000 docs | 716M train tokens
  698000 docs | 719M train tokens
  700000 docs | 721M train tokens
  702000 docs | 723M train tokens
  704000 docs | 725M train tokens
  706000 docs | 727M train tokens
  708000 docs | 729M train tokens
  710000 docs | 731M train tokens
  712000 docs | 733M train tokens
  714000 docs | 735M train tokens
  716000 docs | 738M train tokens
  718000 docs | 740M train tokens
  720000 docs | 742M train tokens
  722000 docs | 744M train tokens
  724000 docs | 746M train tokens
  726000 docs | 748M train tokens
  728000 docs | 750M train tokens
train1.bin: 751.2M tokens from 729000 docs
DONE train=1501.2M tokens, val=2.2M tokens
