Resolved 49 packages in 934ms
Downloading nvidia-cusparselt-cu13 (162.3MiB)
Downloading torch (528.9MiB)
Downloading nvidia-cublas (403.5MiB)
Downloading nvidia-nccl-cu13 (206.0MiB)
Downloading triton (236.5MiB)
Downloading nvidia-cudnn-cu13 (527.5MiB)
 Downloaded nvidia-cusparselt-cu13
 Downloaded nvidia-nccl-cu13
 Downloaded triton
 Downloaded nvidia-cublas
 Downloaded nvidia-cudnn-cu13
 Downloaded torch
Prepared 6 packages in 16m 00s
Installed 49 packages in 519ms
 + anyio==4.15.1
 + certifi==2026.7.22
 + charset-normalizer==3.5.1
 + click==8.5.0
 + cuda-bindings==13.4.3
 + cuda-pathfinder==1.8.2
 + cuda-toolkit==13.0.3.0
 + filelock==4.0.4
 + fsspec==2026.9.0
 + h11==0.16.0
 + hf-xet==1.6.0
 + httpcore2==2.13.1
 + httpx2==2.13.1
 + huggingface-hub==2.0.0
 + idna==3.20
 + jinja2==3.1.6
 + markupsafe==3.0.3
 + mpmath==1.3.0
 + networkx==3.7
 + numpy==2.5.3
 + nvidia-cublas==13.1.1.3
 + nvidia-cuda-cupti==13.0.85
 + nvidia-cuda-nvrtc==13.0.88
 + nvidia-cuda-runtime==13.0.96
 + nvidia-cudnn-cu13==9.24.0.43
 + nvidia-cufft==12.0.0.61
 + nvidia-cufile==1.15.1.6
 + nvidia-curand==10.4.0.35
 + nvidia-cusolver==12.0.4.66
 + nvidia-cusparse==12.6.3.3
 + nvidia-cusparselt-cu13==0.8.1
 + nvidia-nccl-cu13==2.30.7
 + nvidia-nvjitlink==13.4.92
 + nvidia-nvshmem-cu13==3.4.5
 + nvidia-nvtx==13.0.85
 + packaging==26.3
 + pyarrow==25.0.1
 + pyyaml==6.0.3
 + regex==2026.9.10
 + requests==2.34.2
 + setuptools==84.0.0
 + sympy==1.14.0
 + tiktoken==0.14.0
 + torch==2.14.0
 + tqdm==4.70.1
 + triton==3.8.0
 + truststore==0.10.4
 + typing-extensions==4.16.0
 + urllib3==2.8.0
